2026-03-19 18:33:47,096  🚀  model=d3pm_cross_attention  T=4  task=quote_text→quote_devanagari  src_vocab=16000  tgt_vocab=16000
2026-03-19 18:33:47,467  HTTP Request: HEAD https://huggingface.co/datasets/paws/sanskrit-verses-gretil/resolve/main/README.md "HTTP/1.1 307 Temporary Redirect"
2026-03-19 18:33:47,467  Warning: You are sending unauthenticated requests to the HF Hub. Please set a HF_TOKEN to enable higher rate limits and faster downloads.
2026-03-19 18:33:47,486  HTTP Request: HEAD https://huggingface.co/api/resolve-cache/datasets/paws/sanskrit-verses-gretil/cccaab468cf4a329784ea2ccbfb45052c0e93258/README.md "HTTP/1.1 200 OK"
2026-03-19 18:33:47,720  HTTP Request: HEAD https://huggingface.co/datasets/paws/sanskrit-verses-gretil/resolve/cccaab468cf4a329784ea2ccbfb45052c0e93258/sanskrit-verses-gretil.py "HTTP/1.1 404 Not Found"
2026-03-19 18:33:48,566  HTTP Request: HEAD https://s3.amazonaws.com/datasets.huggingface.co/datasets/datasets/paws/sanskrit-verses-gretil/paws/sanskrit-verses-gretil.py "HTTP/1.1 404 Not Found"
2026-03-19 18:33:49,421  HTTP Request: GET https://huggingface.co/api/datasets/paws/sanskrit-verses-gretil/revision/cccaab468cf4a329784ea2ccbfb45052c0e93258 "HTTP/1.1 200 OK"
2026-03-19 18:33:49,727  HTTP Request: HEAD https://huggingface.co/datasets/paws/sanskrit-verses-gretil/resolve/cccaab468cf4a329784ea2ccbfb45052c0e93258/.huggingface.yaml "HTTP/1.1 404 Not Found"
2026-03-19 18:33:50,020  HTTP Request: GET https://datasets-server.huggingface.co/info?dataset=paws/sanskrit-verses-gretil "HTTP/1.1 200 OK"
2026-03-19 18:33:50,266  HTTP Request: GET https://huggingface.co/api/datasets/paws/sanskrit-verses-gretil/tree/cccaab468cf4a329784ea2ccbfb45052c0e93258/data?recursive=true&expand=false "HTTP/1.1 200 OK"
2026-03-19 18:33:50,497  HTTP Request: GET https://huggingface.co/api/datasets/paws/sanskrit-verses-gretil/tree/cccaab468cf4a329784ea2ccbfb45052c0e93258?recursive=false&expand=false "HTTP/1.1 200 OK"
2026-03-19 18:33:50,748  HTTP Request: HEAD https://huggingface.co/datasets/paws/sanskrit-verses-gretil/resolve/cccaab468cf4a329784ea2ccbfb45052c0e93258/dataset_infos.json "HTTP/1.1 404 Not Found"
2026-03-19 19:29:07,587  HTTP Request: HEAD https://huggingface.co/bert-base-multilingual-cased/resolve/main/config.json "HTTP/1.1 200 OK"
2026-03-19 19:29:07,881  HTTP Request: HEAD https://huggingface.co/bert-base-multilingual-cased/resolve/main/tokenizer_config.json "HTTP/1.1 200 OK"
2026-03-19 19:29:08,153  HTTP Request: GET https://huggingface.co/api/models/bert-base-multilingual-cased/tree/main/additional_chat_templates?recursive=false&expand=false "HTTP/1.1 307 Temporary Redirect"
2026-03-19 19:29:08,403  HTTP Request: GET https://huggingface.co/api/models/google-bert/bert-base-multilingual-cased/tree/main/additional_chat_templates?recursive=false&expand=false "HTTP/1.1 404 Not Found"
2026-03-19 19:29:08,633  HTTP Request: GET https://huggingface.co/api/models/bert-base-multilingual-cased/tree/main?recursive=true&expand=false "HTTP/1.1 307 Temporary Redirect"
2026-03-19 19:29:08,876  HTTP Request: GET https://huggingface.co/api/models/google-bert/bert-base-multilingual-cased/tree/main?recursive=true&expand=false "HTTP/1.1 200 OK"
2026-03-19 19:29:09,308  HTTP Request: GET https://huggingface.co/api/models/bert-base-multilingual-cased "HTTP/1.1 307 Temporary Redirect"
2026-03-19 19:29:09,577  HTTP Request: GET https://huggingface.co/api/models/google-bert/bert-base-multilingual-cased "HTTP/1.1 200 OK"
2026-03-19 19:29:09,991  HTTP Request: HEAD https://huggingface.co/bert-base-multilingual-cased/resolve/main/config.json "HTTP/1.1 200 OK"
2026-03-19 19:29:17,838  Ep 01  train=58.7992  val=29.2466  bert=0.5956  lr=5.83e-05
2026-03-19 19:29:19,464  ────────────────────────────────────────────────────────────────────────
2026-03-19 19:29:19,464    📝  VALIDATION SAMPLES   (Roman Sanskrit → Devanagari)
2026-03-19 19:29:19,465    [1] INPUT (Roman)      : baler atulavīryasya siṃhāsanagatasya vai //
2026-03-19 19:29:19,465         REF  (Devanagari)  : बले र् अ तुल वीर्य स्य सिंहा सन गतस्य वै ॥
2026-03-19 19:29:19,465         PRED (Devanagari)  : वैदि शोशु̍ पालयन् माण माण अमोघ माण अण्ड असुर माण असुर याच माण माण माण नवी याच याच ॥ असुर माण तण्डु त
2026-03-19 19:29:19,466    [2] INPUT (Roman)      : iti stutvā jagannātham uvāca munisattamān /
2026-03-19 19:29:19,466         REF  (Devanagari)  : इति स्तुत्वा जगन्नाथ म् उवाच मुनि सत्त मान् ।
2026-03-19 19:29:19,466         PRED (Devanagari)  : यां अस्ति अत̍ योर् यां माण । माण । । । । माण माण माण माण चण्ड माण माण याच माण माण तण्डु । अत̍ । । अत
2026-03-19 19:29:19,466  ────────────────────────────────────────────────────────────────────────
2026-03-19 19:29:22,879     ✅ New best: 0.5956
2026-03-19 20:25:55,901  Ep 02  train=24.5168  val=16.3966  bert=0.6237  lr=6.97e-05
2026-03-19 20:25:56,676  ────────────────────────────────────────────────────────────────────────
2026-03-19 20:25:56,676    📝  VALIDATION SAMPLES   (Roman Sanskrit → Devanagari)
2026-03-19 20:25:56,677    [1] INPUT (Roman)      : baler atulavīryasya siṃhāsanagatasya vai //
2026-03-19 20:25:56,677         REF  (Devanagari)  : बले र् अ तुल वीर्य स्य सिंहा सन गतस्य वै ॥
2026-03-19 20:25:56,677         PRED (Devanagari)  : संयोग सु̱ ठ ऽ असुर पोष असुर विनिर्जित्य ठ अपूर्व । विनिर्जित्य प्रय यां ंश् बिन्द घ्रं क्षणेन करत् न
2026-03-19 20:25:56,677    [2] INPUT (Roman)      : iti stutvā jagannātham uvāca munisattamān /
2026-03-19 20:25:56,677         REF  (Devanagari)  : इति स्तुत्वा जगन्नाथ म् उवाच मुनि सत्त मान् ।
2026-03-19 20:25:56,677         PRED (Devanagari)  : जले धूमं असुर ग̍ उपति स्थाली षष्टि विभ । याच । । । । विप अन्तरम् असुर विप किंचि यां असुर ान्वितः ॥ य
2026-03-19 20:25:56,678  ────────────────────────────────────────────────────────────────────────
2026-03-19 20:25:58,361     ✅ New best: 0.6237
2026-03-19 22:11:25,363  Ep 03  train=14.4754  val=10.5133  bert=0.6395  lr=6.84e-05
2026-03-19 22:11:25,948  ────────────────────────────────────────────────────────────────────────
2026-03-19 22:11:25,948    📝  VALIDATION SAMPLES   (Roman Sanskrit → Devanagari)
2026-03-19 22:11:25,949    [1] INPUT (Roman)      : baler atulavīryasya siṃhāsanagatasya vai //
2026-03-19 22:11:25,949         REF  (Devanagari)  : बले र् अ तुल वीर्य स्य सिंहा सन गतस्य वै ॥
2026-03-19 22:11:25,949         PRED (Devanagari)  : कृतार्थ द्धू प्रय महा भाष्य ानेन अपूर्व मन्यते अ तो दूरात् भग माने ठ ठ वागी मुहूर् तो ान अन्तरम् भूत
2026-03-19 22:11:25,950    [2] INPUT (Roman)      : iti stutvā jagannātham uvāca munisattamān /
2026-03-19 22:11:25,950         REF  (Devanagari)  : इति स्तुत्वा जगन्नाथ म् उवाच मुनि सत्त मान् ।
2026-03-19 22:11:25,950         PRED (Devanagari)  : यां शो स्नानं सत्व ुर् । शची द्धू द्धू । । । ब्राह्मणं यां जाम्ब वासिनाम् ङ्गुष्ठ धूमं धरो प्रय ककु 
2026-03-19 22:11:25,950  ────────────────────────────────────────────────────────────────────────
2026-03-19 22:11:27,817     ✅ New best: 0.6395
2026-03-19 23:03:28,231  Ep 04  train=10.4477  val=6.7347  bert=0.6588  lr=6.62e-05
2026-03-19 23:03:29,257  ────────────────────────────────────────────────────────────────────────
2026-03-19 23:03:29,257    📝  VALIDATION SAMPLES   (Roman Sanskrit → Devanagari)
2026-03-19 23:03:29,258    [1] INPUT (Roman)      : baler atulavīryasya siṃhāsanagatasya vai //
2026-03-19 23:03:29,258         REF  (Devanagari)  : बले र् अ तुल वीर्य स्य सिंहा सन गतस्य वै ॥
2026-03-19 23:03:29,258         PRED (Devanagari)  : जय स्य महातेजा मन्यते दूरात् असुर वो तो वागी महा । र् असुर स्य प्रेता म ङ्ग वागी द्धू वीर्य पद्म ककु
2026-03-19 23:03:29,260    [2] INPUT (Roman)      : iti stutvā jagannātham uvāca munisattamān /
2026-03-19 23:03:29,260         REF  (Devanagari)  : इति स्तुत्वा जगन्नाथ म् उवाच मुनि सत्त मान् ।
2026-03-19 23:03:29,260         PRED (Devanagari)  : वर्तते म कृतार्थ स्वतः बर इति निर्वृ असुर इव विध्य । इति । । स्नानं राट् कृतार्थ असुर रसः स्वतः चमू 
2026-03-19 23:03:29,260  ────────────────────────────────────────────────────────────────────────
2026-03-19 23:03:32,190     ✅ New best: 0.6588
2026-03-19 23:57:30,035  Ep 05  train=7.7538  val=4.5645  bert=0.6812  lr=6.32e-05
2026-03-19 23:57:31,054  ────────────────────────────────────────────────────────────────────────
2026-03-19 23:57:31,055    📝  VALIDATION SAMPLES   (Roman Sanskrit → Devanagari)
2026-03-19 23:57:31,055    [1] INPUT (Roman)      : baler atulavīryasya siṃhāsanagatasya vai //
2026-03-19 23:57:31,055         REF  (Devanagari)  : बले र् अ तुल वीर्य स्य सिंहा सन गतस्य वै ॥
2026-03-19 23:57:31,055         PRED (Devanagari)  : अ ण्ड ता असुर तमसा अ । कृत सन कम् गत ण्ड ते सन वै भ तासु ेण बले स्य जले ेन मला ेन मितो वै स्तस्य मण्
2026-03-19 23:57:31,056    [2] INPUT (Roman)      : iti stutvā jagannātham uvāca munisattamān /
2026-03-19 23:57:31,056         REF  (Devanagari)  : इति स्तुत्वा जगन्नाथ म् उवाच मुनि सत्त मान् ।
2026-03-19 23:57:31,056         PRED (Devanagari)  : स्मिन् स्वतः द्धू शची सं जाल उवाच योनिं क्षिणः । पीड । । । महा र अपि मुनि ञ्जलिः ो ला म्ले म् काः ान
2026-03-19 23:57:31,056  ────────────────────────────────────────────────────────────────────────
2026-03-19 23:57:33,893     ✅ New best: 0.6812
2026-03-20 00:51:36,237  Ep 06  train=5.7678  val=2.9785  bert=0.7044  lr=5.93e-05
2026-03-20 00:51:37,033  ────────────────────────────────────────────────────────────────────────
2026-03-20 00:51:37,034    📝  VALIDATION SAMPLES   (Roman Sanskrit → Devanagari)
2026-03-20 00:51:37,034    [1] INPUT (Roman)      : baler atulavīryasya siṃhāsanagatasya vai //
2026-03-20 00:51:37,034         REF  (Devanagari)  : बले र् अ तुल वीर्य स्य सिंहा सन गतस्य वै ॥
2026-03-20 00:51:37,034         PRED (Devanagari)  : बले बले श् अ त् भर् सर्व क्ष्य सन वै वै वै ै बि सन च्छेद । ै स्य नृपा उप वा राज्ञ स् । ये मनुष्याणां
2026-03-20 00:51:37,035    [2] INPUT (Roman)      : iti stutvā jagannātham uvāca munisattamān /
2026-03-20 00:51:37,035         REF  (Devanagari)  : इति स्तुत्वा जगन्नाथ म् उवाच मुनि सत्त मान् ।
2026-03-20 00:51:37,035         PRED (Devanagari)  : स्तुत्वा भक्त जगन्नाथ र्णा तनुम् म् द्र मान् मान् मान् मान् मान् । मान् मान् मान् ानन्द श्य उवाच द्य
2026-03-20 00:51:37,035  ────────────────────────────────────────────────────────────────────────
2026-03-20 00:51:38,943     ✅ New best: 0.7044
2026-03-20 01:45:07,409  Ep 07  train=4.5544  val=1.8156  bert=0.7267  lr=5.48e-05
2026-03-20 01:45:08,575  ────────────────────────────────────────────────────────────────────────
2026-03-20 01:45:08,575    📝  VALIDATION SAMPLES   (Roman Sanskrit → Devanagari)
2026-03-20 01:45:08,576    [1] INPUT (Roman)      : baler atulavīryasya siṃhāsanagatasya vai //
2026-03-20 01:45:08,576         REF  (Devanagari)  : बले र् अ तुल वीर्य स्य सिंहा सन गतस्य वै ॥
2026-03-20 01:45:08,576         PRED (Devanagari)  : बले र् अ समार शक्ति स्य स्य सन सन ्यम् वै लोकम् वै सन सन सन सन सन स्म स्य ॥ ॥ अ र् अ अ यो वाग् वीर्य
2026-03-20 01:45:08,577    [2] INPUT (Roman)      : iti stutvā jagannātham uvāca munisattamān /
2026-03-20 01:45:08,577         REF  (Devanagari)  : इति स्तुत्वा जगन्नाथ म् उवाच मुनि सत्त मान् ।
2026-03-20 01:45:08,577         PRED (Devanagari)  : इति स्तुत्वा जगन्नाथ ानां अपत्य म्ले मुनि सत्त मान् मान् मान् मान् मान् मान् मान् भरणो मुनि मुनि मुन
2026-03-20 01:45:08,577  ────────────────────────────────────────────────────────────────────────
2026-03-20 01:45:10,801     ✅ New best: 0.7267
2026-03-20 02:37:29,950  Ep 08  train=3.8595  val=1.2063  bert=0.7392  lr=4.97e-05
2026-03-20 02:37:30,535  ────────────────────────────────────────────────────────────────────────
2026-03-20 02:37:30,536    📝  VALIDATION SAMPLES   (Roman Sanskrit → Devanagari)
2026-03-20 02:37:30,536    [1] INPUT (Roman)      : baler atulavīryasya siṃhāsanagatasya vai //
2026-03-20 02:37:30,536         REF  (Devanagari)  : बले र् अ तुल वीर्य स्य सिंहा सन गतस्य वै ॥
2026-03-20 02:37:30,536         PRED (Devanagari)  : बले र् अ तुल वीर्य होत्र क्ष्य सिंहा सन ्यम् वै वै वै । सन सन सिंहा सन महावीर्य सिंहा ॥ ॥ ॥ बले र् अ
2026-03-20 02:37:30,537    [2] INPUT (Roman)      : iti stutvā jagannātham uvāca munisattamān /
2026-03-20 02:37:30,537         REF  (Devanagari)  : इति स्तुत्वा जगन्नाथ म् उवाच मुनि सत्त मान् ।
2026-03-20 02:37:30,537         PRED (Devanagari)  : इति स्तुत्वा जगन्नाथ म् उवाच मुनि मुनि सत्त मान् मान् मान् मान् मान् मान् मान् सत्त सत्त मुनि मुनि त
2026-03-20 02:37:30,537  ────────────────────────────────────────────────────────────────────────
2026-03-20 02:37:32,409     ✅ New best: 0.7392
2026-03-20 03:33:40,416  Ep 09  train=3.4023  val=0.9374  bert=0.7444  lr=4.42e-05
2026-03-20 03:33:41,705  ────────────────────────────────────────────────────────────────────────
2026-03-20 03:33:41,706    📝  VALIDATION SAMPLES   (Roman Sanskrit → Devanagari)
2026-03-20 03:33:41,708    [1] INPUT (Roman)      : baler atulavīryasya siṃhāsanagatasya vai //
2026-03-20 03:33:41,708         REF  (Devanagari)  : बले र् अ तुल वीर्य स्य सिंहा सन गतस्य वै ॥
2026-03-20 03:33:41,708         PRED (Devanagari)  : बले र् अ तुल वीर्य वीर्य स्य सिंहा सन ्यम् स्तं वै वै । सन सन सिंहा सिंहा सिंहा भि ॥ वै बले बले र् र
2026-03-20 03:33:41,709    [2] INPUT (Roman)      : iti stutvā jagannātham uvāca munisattamān /
2026-03-20 03:33:41,710         REF  (Devanagari)  : इति स्तुत्वा जगन्नाथ म् उवाच मुनि सत्त मान् ।
2026-03-20 03:33:41,710         PRED (Devanagari)  : इति स्तुत्वा जगन्नाथ म् म् मुनि मुनि मुनि सत्त मान् मान् मान् मान् मान् सत्त सत्त सत्त मुनि मुनि सत्
2026-03-20 03:33:41,710  ────────────────────────────────────────────────────────────────────────
2026-03-20 03:33:45,900     ✅ New best: 0.7444
2026-03-20 07:33:46,823  Ep 10  train=3.0878  val=0.7811  bert=0.7496  lr=3.85e-05
2026-03-20 07:33:47,518  ────────────────────────────────────────────────────────────────────────
2026-03-20 07:33:47,518    📝  VALIDATION SAMPLES   (Roman Sanskrit → Devanagari)
2026-03-20 07:33:47,519    [1] INPUT (Roman)      : baler atulavīryasya siṃhāsanagatasya vai //
2026-03-20 07:33:47,519         REF  (Devanagari)  : बले र् अ तुल वीर्य स्य सिंहा सन गतस्य वै ॥
2026-03-20 07:33:47,519         PRED (Devanagari)  : बले र् अ तुल वीर्य वीर्य स्य सिंहा सन सन भावयेत् वै वै भावयेत् पितो सन सिंहा सिंहा सिंहा ̍ता̱ । वै प
2026-03-20 07:33:47,519    [2] INPUT (Roman)      : iti stutvā jagannātham uvāca munisattamān /
2026-03-20 07:33:47,519         REF  (Devanagari)  : इति स्तुत्वा जगन्नाथ म् उवाच मुनि सत्त मान् ।
2026-03-20 07:33:47,520         PRED (Devanagari)  : इति स्तुत्वा स्तुत्वा म् उवाच महती मुनि मुनि सत्त मान् । मान् । मान् कान् सत्त सत्त मुनि मुनि विभु ा
2026-03-20 07:33:47,520  ────────────────────────────────────────────────────────────────────────
2026-03-20 07:33:49,335     ✅ New best: 0.7496
2026-03-20 08:32:26,510  Ep 11  train=2.8360  val=0.6861  bert=0.7523  lr=3.27e-05
2026-03-20 08:32:27,520  ────────────────────────────────────────────────────────────────────────
2026-03-20 08:32:27,521    📝  VALIDATION SAMPLES   (Roman Sanskrit → Devanagari)
2026-03-20 08:32:27,521    [1] INPUT (Roman)      : baler atulavīryasya siṃhāsanagatasya vai //
2026-03-20 08:32:27,521         REF  (Devanagari)  : बले र् अ तुल वीर्य स्य सिंहा सन गतस्य वै ॥
2026-03-20 08:32:27,522         PRED (Devanagari)  : बले र् अ तुल वीर्य वीर्य स्य सिंहा सन सन रौ वै वै वै ेष सन सन सिंहा सिंहा सिंहा । वै वै बले बले र् अ
2026-03-20 08:32:27,522    [2] INPUT (Roman)      : iti stutvā jagannātham uvāca munisattamān /
2026-03-20 08:32:27,522         REF  (Devanagari)  : इति स्तुत्वा जगन्नाथ म् उवाच मुनि सत्त मान् ।
2026-03-20 08:32:27,522         PRED (Devanagari)  : इति स्तुत्वा स्तुत्वा म् म् उवाच मुनि मुनि सत्त मान् मान् । मान् मान् मान् सत्त सत्त मुनि मुनि मुनि 
2026-03-20 08:32:27,523  ────────────────────────────────────────────────────────────────────────
2026-03-20 08:32:30,390     ✅ New best: 0.7523
2026-03-20 09:43:25,882  Ep 12  train=2.6473  val=0.6655  bert=0.7519  lr=2.69e-05
2026-03-20 09:43:26,686  ────────────────────────────────────────────────────────────────────────
2026-03-20 09:43:26,686    📝  VALIDATION SAMPLES   (Roman Sanskrit → Devanagari)
2026-03-20 09:43:26,687    [1] INPUT (Roman)      : baler atulavīryasya siṃhāsanagatasya vai //
2026-03-20 09:43:26,687         REF  (Devanagari)  : बले र् अ तुल वीर्य स्य सिंहा सन गतस्य वै ॥
2026-03-20 09:43:26,687         PRED (Devanagari)  : बले र् अ तुल तुल वीर्य स्य सिंहा सन सन स्मार वै वै वै दक्षिणां कुर् सन सिंहा सिंहा स्य माश्र वै मल ब
2026-03-20 09:43:26,688    [2] INPUT (Roman)      : iti stutvā jagannātham uvāca munisattamān /
2026-03-20 09:43:26,688         REF  (Devanagari)  : इति स्तुत्वा जगन्नाथ म् उवाच मुनि सत्त मान् ।
2026-03-20 09:43:26,688         PRED (Devanagari)  : इति स्तुत्वा स्तुत्वा म् म् उवाच मुनि मुनि सत्त मान् मान् मान् । मान् मान् सत्त सत्त मुनि मुनि मुनि 
2026-03-20 09:43:26,688  ────────────────────────────────────────────────────────────────────────
2026-03-20 09:43:26,688     No improvement 1/4
2026-03-20 10:35:28,373  Ep 13  train=2.4875  val=0.6112  bert=0.7527  lr=2.13e-05
2026-03-20 10:35:29,152  ────────────────────────────────────────────────────────────────────────
2026-03-20 10:35:29,152    📝  VALIDATION SAMPLES   (Roman Sanskrit → Devanagari)
2026-03-20 10:35:29,152    [1] INPUT (Roman)      : baler atulavīryasya siṃhāsanagatasya vai //
2026-03-20 10:35:29,152         REF  (Devanagari)  : बले र् अ तुल वीर्य स्य सिंहा सन गतस्य वै ॥
2026-03-20 10:35:29,152         PRED (Devanagari)  : बले र् अ तुल तुल वीर्य स्य सिंहा सन सन पा वै वै । लब्ध्वा ञ् सन सिंहा सिंहा सिंहा तश्च माश्र वै ञ्ज 
2026-03-20 10:35:29,153    [2] INPUT (Roman)      : iti stutvā jagannātham uvāca munisattamān /
2026-03-20 10:35:29,153         REF  (Devanagari)  : इति स्तुत्वा जगन्नाथ म् उवाच मुनि सत्त मान् ।
2026-03-20 10:35:29,153         PRED (Devanagari)  : इति स्तुत्वा स्तुत्वा म् म् उवाच मुनि मुनि सत्त मान् मान् । । मान् मान् सत्त सत्त मुनि मुनि मुनि प्र
2026-03-20 10:35:29,153  ────────────────────────────────────────────────────────────────────────
2026-03-20 10:35:31,104     ✅ New best: 0.7527
2026-03-20 11:24:31,816  Ep 14  train=2.3599  val=0.5965  bert=0.7525  lr=1.62e-05
2026-03-20 11:24:32,506  ────────────────────────────────────────────────────────────────────────
2026-03-20 11:24:32,507    📝  VALIDATION SAMPLES   (Roman Sanskrit → Devanagari)
2026-03-20 11:24:32,508    [1] INPUT (Roman)      : baler atulavīryasya siṃhāsanagatasya vai //
2026-03-20 11:24:32,508         REF  (Devanagari)  : बले र् अ तुल वीर्य स्य सिंहा सन गतस्य वै ॥
2026-03-20 11:24:32,508         PRED (Devanagari)  : बले र् अ तुल ित्र वीर्य स्य सिंहा सन सन दक्षिणां वै वै वै वै गतस्य सन सिंहा सिंहा सिंहा पा वै वै वै 
2026-03-20 11:24:32,508    [2] INPUT (Roman)      : iti stutvā jagannātham uvāca munisattamān /
2026-03-20 11:24:32,508         REF  (Devanagari)  : इति स्तुत्वा जगन्नाथ म् उवाच मुनि सत्त मान् ।
2026-03-20 11:24:32,508         PRED (Devanagari)  : इति स्तुत्वा स्तुत्वा जगन्नाथ म् उवाच मुनि मुनि सत्त मान् मान् मान् । मान् मान् मान् सत्त मुनि मुनि 
2026-03-20 11:24:32,508  ────────────────────────────────────────────────────────────────────────
2026-03-20 11:24:32,508     No improvement 1/4
2026-03-20 12:15:06,443  Ep 15  train=2.2653  val=0.5613  bert=0.7530  lr=1.15e-05
2026-03-20 12:15:07,117  ────────────────────────────────────────────────────────────────────────
2026-03-20 12:15:07,117    📝  VALIDATION SAMPLES   (Roman Sanskrit → Devanagari)
2026-03-20 12:15:07,118    [1] INPUT (Roman)      : baler atulavīryasya siṃhāsanagatasya vai //
2026-03-20 12:15:07,118         REF  (Devanagari)  : बले र् अ तुल वीर्य स्य सिंहा सन गतस्य वै ॥
2026-03-20 12:15:07,118         PRED (Devanagari)  : बले र् अ तुल तुल वीर्य स्य सिंहा सन सन गतस्य वै वै वै ै दक्षिणां सन सिंहा सिंहा सिंहा सन इमाम् वै वै
2026-03-20 12:15:07,118    [2] INPUT (Roman)      : iti stutvā jagannātham uvāca munisattamān /
2026-03-20 12:15:07,118         REF  (Devanagari)  : इति स्तुत्वा जगन्नाथ म् उवाच मुनि सत्त मान् ।
2026-03-20 12:15:07,118         PRED (Devanagari)  : इति स्तुत्वा स्तुत्वा म् म् उवाच मुनि मुनि सत्त मान् मान् से । मान् मान् मान् सत्त मुनि मुनि मुनि सत
2026-03-20 12:15:07,118  ────────────────────────────────────────────────────────────────────────
2026-03-20 12:15:09,603     ✅ New best: 0.7530
2026-03-20 13:02:18,200  Ep 16  train=2.1894  val=0.5595  bert=0.7516  lr=7.53e-06
2026-03-20 13:02:18,747  ────────────────────────────────────────────────────────────────────────
2026-03-20 13:02:18,747    📝  VALIDATION SAMPLES   (Roman Sanskrit → Devanagari)
2026-03-20 13:02:18,747    [1] INPUT (Roman)      : baler atulavīryasya siṃhāsanagatasya vai //
2026-03-20 13:02:18,748         REF  (Devanagari)  : बले र् अ तुल वीर्य स्य सिंहा सन गतस्य वै ॥
2026-03-20 13:02:18,748         PRED (Devanagari)  : बले र् अ तुल तुल वीर्य स्य सिंहा सन सन गतस्य वै वै वै वै दक्षिणां सन सिंहा सिंहा सिंहा सिंहा माधवः व
2026-03-20 13:02:18,748    [2] INPUT (Roman)      : iti stutvā jagannātham uvāca munisattamān /
2026-03-20 13:02:18,748         REF  (Devanagari)  : इति स्तुत्वा जगन्नाथ म् उवाच मुनि सत्त मान् ।
2026-03-20 13:02:18,749         PRED (Devanagari)  : इति स्तुत्वा स्तुत्वा म् म् उवाच मुनि मुनि सत्त मान् मान् मान् । मान् मान् मान् सत्त मुनि मुनि मुनि 
2026-03-20 13:02:18,749  ────────────────────────────────────────────────────────────────────────
2026-03-20 13:02:18,749     No improvement 1/4
2026-03-20 14:52:15,569  Ep 17  train=2.1270  val=0.5370  bert=0.7525  lr=4.31e-06
2026-03-20 14:52:16,284  ────────────────────────────────────────────────────────────────────────
2026-03-20 14:52:16,284    📝  VALIDATION SAMPLES   (Roman Sanskrit → Devanagari)
2026-03-20 14:52:16,285    [1] INPUT (Roman)      : baler atulavīryasya siṃhāsanagatasya vai //
2026-03-20 14:52:16,285         REF  (Devanagari)  : बले र् अ तुल वीर्य स्य सिंहा सन गतस्य वै ॥
2026-03-20 14:52:16,285         PRED (Devanagari)  : बले र् अ तुल तुल वीर्य स्य सिंहा सन सन ेष वै वै वै वै गतस्य सन सन सिंहा सिंहा सिंहा सद्गति वै वै बले
2026-03-20 14:52:16,285    [2] INPUT (Roman)      : iti stutvā jagannātham uvāca munisattamān /
2026-03-20 14:52:16,285         REF  (Devanagari)  : इति स्तुत्वा जगन्नाथ म् उवाच मुनि सत्त मान् ।
2026-03-20 14:52:16,285         PRED (Devanagari)  : इति स्तुत्वा स्तुत्वा म् म् उवाच मुनि मुनि सत्त मान् मान् मान् । । मान् मान् सत्त मुनि मुनि मुनि मुन
2026-03-20 14:52:16,286  ────────────────────────────────────────────────────────────────────────
2026-03-20 14:52:16,286     No improvement 2/4
2026-03-20 16:43:06,970  Ep 18  train=2.0869  val=0.5470  bert=0.7528  lr=1.94e-06
2026-03-20 16:43:08,419  ────────────────────────────────────────────────────────────────────────
2026-03-20 16:43:08,420    📝  VALIDATION SAMPLES   (Roman Sanskrit → Devanagari)
2026-03-20 16:43:08,420    [1] INPUT (Roman)      : baler atulavīryasya siṃhāsanagatasya vai //
2026-03-20 16:43:08,420         REF  (Devanagari)  : बले र् अ तुल वीर्य स्य सिंहा सन गतस्य वै ॥
2026-03-20 16:43:08,421         PRED (Devanagari)  : बले र् अ तुल तुल वीर्य स्य सिंहा सन सन गतस्य वै वै वै वै गतस्य सन सिंहा सिंहा सिंहा द हन वै वै बले ब
2026-03-20 16:43:08,421    [2] INPUT (Roman)      : iti stutvā jagannātham uvāca munisattamān /
2026-03-20 16:43:08,421         REF  (Devanagari)  : इति स्तुत्वा जगन्नाथ म् उवाच मुनि सत्त मान् ।
2026-03-20 16:43:08,421         PRED (Devanagari)  : इति स्तुत्वा स्तुत्वा म् म् उवाच मुनि मुनि सत्त सत्त मान् मान् । मान् मान् मान् सत्त मुनि मुनि मुनि 
2026-03-20 16:43:08,421  ────────────────────────────────────────────────────────────────────────
2026-03-20 16:43:08,422     No improvement 3/4
2026-03-20 17:28:30,448  Ep 19  train=2.0630  val=0.5424  bert=0.7532  lr=7.00e-07
2026-03-20 17:28:30,924  ────────────────────────────────────────────────────────────────────────
2026-03-20 17:28:30,924    📝  VALIDATION SAMPLES   (Roman Sanskrit → Devanagari)
2026-03-20 17:28:30,924    [1] INPUT (Roman)      : baler atulavīryasya siṃhāsanagatasya vai //
2026-03-20 17:28:30,924         REF  (Devanagari)  : बले र् अ तुल वीर्य स्य सिंहा सन गतस्य वै ॥
2026-03-20 17:28:30,924         PRED (Devanagari)  : बले र् अ तुल तुल वीर्य स्य सिंहा सन सन गतस्य वै वै वै वै ष्णु सन सन सिंहा सिंहा सिंहा दक्षिणां वै वै
2026-03-20 17:28:30,924    [2] INPUT (Roman)      : iti stutvā jagannātham uvāca munisattamān /
2026-03-20 17:28:30,925         REF  (Devanagari)  : इति स्तुत्वा जगन्नाथ म् उवाच मुनि सत्त मान् ।
2026-03-20 17:28:30,925         PRED (Devanagari)  : इति स्तुत्वा स्तुत्वा म् म् उवाच मुनि मुनि सत्त सत्त मान् मान् । । मान् मान् सत्त मुनि मुनि मुनि मुन
2026-03-20 17:28:30,925  ────────────────────────────────────────────────────────────────────────
2026-03-20 17:28:32,631     ✅ New best: 0.7532
2026-03-20 18:11:04,099  Ep 20  train=2.0536  val=0.5504  bert=0.7514  lr=7.00e-07
2026-03-20 18:11:04,457  ────────────────────────────────────────────────────────────────────────
2026-03-20 18:11:04,457    📝  VALIDATION SAMPLES   (Roman Sanskrit → Devanagari)
2026-03-20 18:11:04,458    [1] INPUT (Roman)      : baler atulavīryasya siṃhāsanagatasya vai //
2026-03-20 18:11:04,458         REF  (Devanagari)  : बले र् अ तुल वीर्य स्य सिंहा सन गतस्य वै ॥
2026-03-20 18:11:04,458         PRED (Devanagari)  : बले र् अ तुल तुल वीर्य स्य सिंहा सन सन गतस्य वै वै वै वै गतस्य सन सन सिंहा सिंहा सिंहा गतस्य वै वै ब
2026-03-20 18:11:04,458    [2] INPUT (Roman)      : iti stutvā jagannātham uvāca munisattamān /
2026-03-20 18:11:04,458         REF  (Devanagari)  : इति स्तुत्वा जगन्नाथ म् उवाच मुनि सत्त मान् ।
2026-03-20 18:11:04,458         PRED (Devanagari)  : इति स्तुत्वा स्तुत्वा जगन्नाथ म् उवाच मुनि मुनि सत्त मान् मान् मान् । मान् मान् मान् सत्त मुनि मुनि 
2026-03-20 18:11:04,458  ────────────────────────────────────────────────────────────────────────
2026-03-20 18:11:04,458     No improvement 1/4
2026-03-20 18:11:04,458  ✅ Training complete.
2026-03-20 18:11:04,458     Best model → ablation_results/T4/best_model.pt
